{
  "version" : 0,
  "kind" : "testSuiteStarted",
  "value" : {
    "name" : "testSuite",
    "date" : -978294855
  }
}