{
  "version" : 0,
  "kind" : "testCaseFinished",
  "value" : {
    "state" : "passed",
    "durationInSeconds" : 4.2000000000000002
  }
}