{
  "version" : 0,
  "kind" : "testCaseFailed",
  "value" : {
    "lineNumber" : 42,
    "name" : "testCase",
    "description" : "testCase failed",
    "filePath" : "File.swift"
  }
}