{
  "kind" : "testCaseFinished",
  "value" : {
    "durationInSeconds" : 4.2000000000000002,
    "state" : "passed"
  },
  "version" : 0
}