{
  "kind" : "testSuiteStarted",
  "value" : {
    "date" : -978294855,
    "name" : "testSuite"
  },
  "version" : 0
}