{
  "version" : 0,
  "kind" : "testSuiteFinished",
  "value" : {
    "totalFailureCount" : 24,
    "unexpectedExceptionCount" : 1,
    "executionCount" : 42,
    "testDuration" : 1.2,
    "totalDuration" : 12.300000000000001
  }
}