{
  "kind" : "testCaseStarted",
  "value" : {
    "date" : -978361521,
    "name" : "testCase"
  },
  "version" : 0
}